{
  "workflowRunCount" : 6,
  "studies" : [ "TGL17" ],
  "sequencerRuns" : [ "180416_NB551051_0059_AHLJF2BGX5", "180416_NB551056_0052_AHLJWWBGX5", "180417_NB551051_0060_AHLJWYBGX5" ],
  "lanes" : [ "180416_NB551051_0059_AHLJF2BGX5_lane_1", "180416_NB551056_0052_AHLJWWBGX5_lane_1", "180417_NB551051_0060_AHLJWYBGX5_lane_1" ],
  "samples" : [ "TGL17_0001_Co_P_PE_447_EX", "TGL17_0001_Lv_M_PE_518_EX", "TGL17_0001_Lv_M_PE_522_EX", "TGL17_0001_Pb_R_PE_531_EX", "TGL17_0002_Lv_M_PE_514_EX", "TGL17_0002_Pb_R_PE_502_EX", "TGL17_0004_Lv_M_PE_495_EX", "TGL17_0004_Lv_M_PE_523_EX", "TGL17_0004_Pb_R_PE_533_EX" ],
  "workflows" : [ "BamMergePreprocessing" ],
  "processingAlgorithms" : [ "ProvisionFiles" ],
  "fileMetaTypes" : [ "application/bam" ],
  "maxInputFiles" : 2,
  "minInputFiles" : 2,
  "totalInputFiles" : 12,
  "workflowRuns" : [ {
    "workflowIni" : {
      "data_dir" : "data",
      "external_name" : "TGL17_0001_Co_P_EX_180416.sorted.filter.deduped.realign.recal",
      "input_files_normal" : "/.mounts/labs/TGL/production3/seqware-results/BamMergePreprocessing_1.1/59092497/TGL17_0001_Pb_R_EX_180416.sorted.filter.deduped.realign.recal.bam",
      "input_files_tumor" : "/.mounts/labs/TGL/production3/seqware-results/BamMergePreprocessing_1.1/59092497/TGL17_0001_Co_P_EX_180416.sorted.filter.deduped.realign.recal.bam",
      "interval_bed" : "/.mounts/labs/PDE/data/TargetedSequencingQC/Agilent.SureSelect.Human.All.Exon.V6.Cosmic/S07604715_Regions_sorted.bed",
      "java" : "/.mounts/labs/PDE/Modules/sw/jvm/jdk1.8.0_91/bin/java",
      "manual_output" : "false",
      "metadata" : "metadata",
      "output_dir" : "seqware-results",
      "rLib" : "/.mounts/labs/gsiprojects/gsi/tools/R_libs",
      "ref_fasta" : "/.mounts/labs/PDE/data/gatkAnnotationResources/hg19_random.fa",
      "rpath" : "/.mounts/labs/PDE/Modules/sw/R/R-3.3.0",
      "samtools" : "/oicr/local/analysis/sw//samtools/samtools-0.1.18/samtools",
      "sequenza_rscript_mem" : "24",
      "sequenza_v2" : "/.mounts/labs/PDE/Modules/modulefiles/sequenza/SequenzaSingleSample_v2.1.R",
      "tmp_dir" : "tmp",
      "varscan" : "/.mounts/labs/PDE/Modules/modulefiles/sequenza/VarScan.v2.3.9.jar"
    },
    "files" : [ {
      "studyTitle" : [ "TGL17" ],
      "studyAttributes" : { },
      "experimentName" : [ ],
      "experimentAttributes" : { },
      "sampleName" : [ "TGL17_0001_Co_P_PE_447_EX" ],
      "sampleAttributes" : {
        "geo_external_name" : [ [ "CMP-01-02" ] ],
        "geo_group_id" : [ [ "180416" ] ],
        "geo_library_source_template_type" : [ [ "EX" ] ],
        "geo_organism" : [ [ "Homo sapiens" ] ],
        "geo_prep_kit" : [ [ "Agilent SureSelect Human All Exon V6 Cosmic" ] ],
        "geo_purpose" : [ [ "Library" ] ],
        "geo_receive_date" : [ [ "2018-03-27" ] ],
        "geo_run_id_and_position" : [ [ "3084_1" ] ],
        "geo_str_result" : [ [ "Not Submitted" ] ],
        "geo_targeted_resequencing" : [ [ "Agilent SureSelect Human All Exon V6 Cosmic" ] ],
        "geo_template_type" : [ [ "Illumina PE Library" ] ],
        "geo_tissue_origin" : [ [ "Co" ] ],
        "geo_tissue_preparation" : [ [ "FFPE" ] ],
        "geo_tissue_type" : [ [ "P" ] ]
      },
      "sequencerRunName" : [ "180417_NB551051_0060_AHLJWYBGX5" ],
      "sequencerRunAttributes" : {
        "instrument_name" : [ [ "NB551051" ] ]
      },
      "laneName" : [ "180417_NB551051_0060_AHLJWYBGX5_lane_1" ],
      "laneAttributes" : { },
      "iusTag" : [ "GTACGCAA" ],
      "iusAttributes" : { },
      "workflowName" : [ "BamMergePreprocessing" ],
      "processingAlgorithm" : [ "ProvisionFiles" ],
      "processingAttributes" : { },
      "fileMetaType" : [ "application/bam" ],
      "fileAttributes" : {
        "aligner" : [ [ "BwaMem" ] ],
        "cvterms" : [ [ "EDAM:format_2572,EDAM:operation_2089" ] ]
      },
      "fileId" : 271791431
    }, {
      "studyTitle" : [ "TGL17" ],
      "studyAttributes" : { },
      "experimentName" : [ ],
      "experimentAttributes" : { },
      "sampleName" : [ "TGL17_0001_Pb_R_PE_531_EX" ],
      "sampleAttributes" : {
        "geo_external_name" : [ [ "CMP-01-02" ] ],
        "geo_group_id" : [ [ "180416" ] ],
        "geo_library_source_template_type" : [ [ "EX" ] ],
        "geo_organism" : [ [ "Homo sapiens" ] ],
        "geo_prep_kit" : [ [ "Agilent SureSelect Human All Exon V6 Cosmic" ] ],
        "geo_purpose" : [ [ "Library" ] ],
        "geo_receive_date" : [ [ "2018-03-27" ] ],
        "geo_run_id_and_position" : [ [ "3082_1" ] ],
        "geo_str_result" : [ [ "Not Submitted" ] ],
        "geo_targeted_resequencing" : [ [ "Agilent SureSelect Human All Exon V6 Cosmic" ] ],
        "geo_template_type" : [ [ "Illumina PE Library" ] ],
        "geo_tissue_origin" : [ [ "Pb" ] ],
        "geo_tissue_preparation" : [ [ "Blood" ] ],
        "geo_tissue_type" : [ [ "R" ] ]
      },
      "sequencerRunName" : [ "180416_NB551051_0059_AHLJF2BGX5" ],
      "sequencerRunAttributes" : {
        "instrument_name" : [ [ "NB551051" ] ]
      },
      "laneName" : [ "180416_NB551051_0059_AHLJF2BGX5_lane_1" ],
      "laneAttributes" : { },
      "iusTag" : [ "GGTGCGAA" ],
      "iusAttributes" : { },
      "workflowName" : [ "BamMergePreprocessing" ],
      "processingAlgorithm" : [ "ProvisionFiles" ],
      "processingAttributes" : { },
      "fileMetaType" : [ "application/bam" ],
      "fileAttributes" : {
        "aligner" : [ [ "BwaMem" ] ],
        "cvterms" : [ [ "EDAM:format_2572,EDAM:operation_2089" ] ]
      },
      "fileId" : -1095509169
    } ]
  }, {
    "workflowIni" : {
      "data_dir" : "data",
      "external_name" : "TGL17_0001_Lv_M_EX_0102SURT2.sorted.filter.deduped.realign.recal",
      "input_files_normal" : "/.mounts/labs/TGL/production3/seqware-results/BamMergePreprocessing_1.1/59092497/TGL17_0001_Pb_R_EX_180416.sorted.filter.deduped.realign.recal.bam",
      "input_files_tumor" : "/.mounts/labs/TGL/production3/seqware-results/BamMergePreprocessing_1.1/59092497/TGL17_0001_Lv_M_EX_0102SURT2.sorted.filter.deduped.realign.recal.bam",
      "interval_bed" : "/.mounts/labs/PDE/data/TargetedSequencingQC/Agilent.SureSelect.Human.All.Exon.V6.Cosmic/S07604715_Regions_sorted.bed",
      "java" : "/.mounts/labs/PDE/Modules/sw/jvm/jdk1.8.0_91/bin/java",
      "manual_output" : "false",
      "metadata" : "metadata",
      "output_dir" : "seqware-results",
      "rLib" : "/.mounts/labs/gsiprojects/gsi/tools/R_libs",
      "ref_fasta" : "/.mounts/labs/PDE/data/gatkAnnotationResources/hg19_random.fa",
      "rpath" : "/.mounts/labs/PDE/Modules/sw/R/R-3.3.0",
      "samtools" : "/oicr/local/analysis/sw//samtools/samtools-0.1.18/samtools",
      "sequenza_rscript_mem" : "24",
      "sequenza_v2" : "/.mounts/labs/PDE/Modules/modulefiles/sequenza/SequenzaSingleSample_v2.1.R",
      "tmp_dir" : "tmp",
      "varscan" : "/.mounts/labs/PDE/Modules/modulefiles/sequenza/VarScan.v2.3.9.jar"
    },
    "files" : [ {
      "studyTitle" : [ "TGL17" ],
      "studyAttributes" : { },
      "experimentName" : [ ],
      "experimentAttributes" : { },
      "sampleName" : [ "TGL17_0001_Lv_M_PE_518_EX" ],
      "sampleAttributes" : {
        "geo_external_name" : [ [ "CMP-01-02" ] ],
        "geo_group_id" : [ [ "0102SURT2" ] ],
        "geo_library_source_template_type" : [ [ "EX" ] ],
        "geo_organism" : [ [ "Homo sapiens" ] ],
        "geo_prep_kit" : [ [ "Agilent SureSelect Human All Exon V6 Cosmic" ] ],
        "geo_purpose" : [ [ "Library" ] ],
        "geo_receive_date" : [ [ "2018-03-27" ] ],
        "geo_run_id_and_position" : [ [ "3083_1" ] ],
        "geo_str_result" : [ [ "Not Submitted" ] ],
        "geo_targeted_resequencing" : [ [ "Agilent SureSelect Human All Exon V6 Cosmic" ] ],
        "geo_template_type" : [ [ "Illumina PE Library" ] ],
        "geo_tissue_origin" : [ [ "Lv" ] ],
        "geo_tissue_preparation" : [ [ "Fresh Frozen" ] ],
        "geo_tissue_type" : [ [ "M" ] ]
      },
      "sequencerRunName" : [ "180416_NB551056_0052_AHLJWWBGX5" ],
      "sequencerRunAttributes" : {
        "instrument_name" : [ [ "NB551056" ] ]
      },
      "laneName" : [ "180416_NB551056_0052_AHLJWWBGX5_lane_1" ],
      "laneAttributes" : { },
      "iusTag" : [ "GGAGAACA" ],
      "iusAttributes" : { },
      "workflowName" : [ "BamMergePreprocessing" ],
      "processingAlgorithm" : [ "ProvisionFiles" ],
      "processingAttributes" : { },
      "fileMetaType" : [ "application/bam" ],
      "fileAttributes" : {
        "aligner" : [ [ "BwaMem" ] ],
        "cvterms" : [ [ "EDAM:format_2572,EDAM:operation_2089" ] ]
      },
      "fileId" : -853295313
    }, {
      "studyTitle" : [ "TGL17" ],
      "studyAttributes" : { },
      "experimentName" : [ ],
      "experimentAttributes" : { },
      "sampleName" : [ "TGL17_0001_Pb_R_PE_531_EX" ],
      "sampleAttributes" : {
        "geo_external_name" : [ [ "CMP-01-02" ] ],
        "geo_group_id" : [ [ "180416" ] ],
        "geo_library_source_template_type" : [ [ "EX" ] ],
        "geo_organism" : [ [ "Homo sapiens" ] ],
        "geo_prep_kit" : [ [ "Agilent SureSelect Human All Exon V6 Cosmic" ] ],
        "geo_purpose" : [ [ "Library" ] ],
        "geo_receive_date" : [ [ "2018-03-27" ] ],
        "geo_run_id_and_position" : [ [ "3082_1" ] ],
        "geo_str_result" : [ [ "Not Submitted" ] ],
        "geo_targeted_resequencing" : [ [ "Agilent SureSelect Human All Exon V6 Cosmic" ] ],
        "geo_template_type" : [ [ "Illumina PE Library" ] ],
        "geo_tissue_origin" : [ [ "Pb" ] ],
        "geo_tissue_preparation" : [ [ "Blood" ] ],
        "geo_tissue_type" : [ [ "R" ] ]
      },
      "sequencerRunName" : [ "180416_NB551051_0059_AHLJF2BGX5" ],
      "sequencerRunAttributes" : {
        "instrument_name" : [ [ "NB551051" ] ]
      },
      "laneName" : [ "180416_NB551051_0059_AHLJF2BGX5_lane_1" ],
      "laneAttributes" : { },
      "iusTag" : [ "GGTGCGAA" ],
      "iusAttributes" : { },
      "workflowName" : [ "BamMergePreprocessing" ],
      "processingAlgorithm" : [ "ProvisionFiles" ],
      "processingAttributes" : { },
      "fileMetaType" : [ "application/bam" ],
      "fileAttributes" : {
        "aligner" : [ [ "BwaMem" ] ],
        "cvterms" : [ [ "EDAM:format_2572,EDAM:operation_2089" ] ]
      },
      "fileId" : -1095509169
    } ]
  }, {
    "workflowIni" : {
      "data_dir" : "data",
      "external_name" : "TGL17_0001_Lv_M_EX_0102SURT1.sorted.filter.deduped.realign.recal",
      "input_files_normal" : "/.mounts/labs/TGL/production3/seqware-results/BamMergePreprocessing_1.1/59092497/TGL17_0001_Pb_R_EX_180416.sorted.filter.deduped.realign.recal.bam",
      "input_files_tumor" : "/.mounts/labs/TGL/production3/seqware-results/BamMergePreprocessing_1.1/59092497/TGL17_0001_Lv_M_EX_0102SURT1.sorted.filter.deduped.realign.recal.bam",
      "interval_bed" : "/.mounts/labs/PDE/data/TargetedSequencingQC/Agilent.SureSelect.Human.All.Exon.V6.Cosmic/S07604715_Regions_sorted.bed",
      "java" : "/.mounts/labs/PDE/Modules/sw/jvm/jdk1.8.0_91/bin/java",
      "manual_output" : "false",
      "metadata" : "metadata",
      "output_dir" : "seqware-results",
      "rLib" : "/.mounts/labs/gsiprojects/gsi/tools/R_libs",
      "ref_fasta" : "/.mounts/labs/PDE/data/gatkAnnotationResources/hg19_random.fa",
      "rpath" : "/.mounts/labs/PDE/Modules/sw/R/R-3.3.0",
      "samtools" : "/oicr/local/analysis/sw//samtools/samtools-0.1.18/samtools",
      "sequenza_rscript_mem" : "24",
      "sequenza_v2" : "/.mounts/labs/PDE/Modules/modulefiles/sequenza/SequenzaSingleSample_v2.1.R",
      "tmp_dir" : "tmp",
      "varscan" : "/.mounts/labs/PDE/Modules/modulefiles/sequenza/VarScan.v2.3.9.jar"
    },
    "files" : [ {
      "studyTitle" : [ "TGL17" ],
      "studyAttributes" : { },
      "experimentName" : [ ],
      "experimentAttributes" : { },
      "sampleName" : [ "TGL17_0001_Lv_M_PE_522_EX" ],
      "sampleAttributes" : {
        "geo_external_name" : [ [ "CMP-01-02" ] ],
        "geo_group_id" : [ [ "0102SURT1" ] ],
        "geo_library_source_template_type" : [ [ "EX" ] ],
        "geo_organism" : [ [ "Homo sapiens" ] ],
        "geo_prep_kit" : [ [ "Agilent SureSelect Human All Exon V6 Cosmic" ] ],
        "geo_purpose" : [ [ "Library" ] ],
        "geo_receive_date" : [ [ "2018-03-27" ] ],
        "geo_run_id_and_position" : [ [ "3083_1" ] ],
        "geo_str_result" : [ [ "Not Submitted" ] ],
        "geo_targeted_resequencing" : [ [ "Agilent SureSelect Human All Exon V6 Cosmic" ] ],
        "geo_template_type" : [ [ "Illumina PE Library" ] ],
        "geo_tissue_origin" : [ [ "Lv" ] ],
        "geo_tissue_preparation" : [ [ "Fresh Frozen" ] ],
        "geo_tissue_type" : [ [ "M" ] ]
      },
      "sequencerRunName" : [ "180416_NB551056_0052_AHLJWWBGX5" ],
      "sequencerRunAttributes" : {
        "instrument_name" : [ [ "NB551056" ] ]
      },
      "laneName" : [ "180416_NB551056_0052_AHLJWWBGX5_lane_1" ],
      "laneAttributes" : { },
      "iusTag" : [ "AACGCTTA" ],
      "iusAttributes" : { },
      "workflowName" : [ "BamMergePreprocessing" ],
      "processingAlgorithm" : [ "ProvisionFiles" ],
      "processingAttributes" : { },
      "fileMetaType" : [ "application/bam" ],
      "fileAttributes" : {
        "aligner" : [ [ "BwaMem" ] ],
        "cvterms" : [ [ "EDAM:format_2572,EDAM:operation_2089" ] ]
      },
      "fileId" : 1082364974
    }, {
      "studyTitle" : [ "TGL17" ],
      "studyAttributes" : { },
      "experimentName" : [ ],
      "experimentAttributes" : { },
      "sampleName" : [ "TGL17_0001_Pb_R_PE_531_EX" ],
      "sampleAttributes" : {
        "geo_external_name" : [ [ "CMP-01-02" ] ],
        "geo_group_id" : [ [ "180416" ] ],
        "geo_library_source_template_type" : [ [ "EX" ] ],
        "geo_organism" : [ [ "Homo sapiens" ] ],
        "geo_prep_kit" : [ [ "Agilent SureSelect Human All Exon V6 Cosmic" ] ],
        "geo_purpose" : [ [ "Library" ] ],
        "geo_receive_date" : [ [ "2018-03-27" ] ],
        "geo_run_id_and_position" : [ [ "3082_1" ] ],
        "geo_str_result" : [ [ "Not Submitted" ] ],
        "geo_targeted_resequencing" : [ [ "Agilent SureSelect Human All Exon V6 Cosmic" ] ],
        "geo_template_type" : [ [ "Illumina PE Library" ] ],
        "geo_tissue_origin" : [ [ "Pb" ] ],
        "geo_tissue_preparation" : [ [ "Blood" ] ],
        "geo_tissue_type" : [ [ "R" ] ]
      },
      "sequencerRunName" : [ "180416_NB551051_0059_AHLJF2BGX5" ],
      "sequencerRunAttributes" : {
        "instrument_name" : [ [ "NB551051" ] ]
      },
      "laneName" : [ "180416_NB551051_0059_AHLJF2BGX5_lane_1" ],
      "laneAttributes" : { },
      "iusTag" : [ "GGTGCGAA" ],
      "iusAttributes" : { },
      "workflowName" : [ "BamMergePreprocessing" ],
      "processingAlgorithm" : [ "ProvisionFiles" ],
      "processingAttributes" : { },
      "fileMetaType" : [ "application/bam" ],
      "fileAttributes" : {
        "aligner" : [ [ "BwaMem" ] ],
        "cvterms" : [ [ "EDAM:format_2572,EDAM:operation_2089" ] ]
      },
      "fileId" : -1095509169
    } ]
  }, {
    "workflowIni" : {
      "data_dir" : "data",
      "external_name" : "TGL17_0002_Lv_M_EX_180416.sorted.filter.deduped.realign.recal",
      "input_files_normal" : "/.mounts/labs/TGL/production2/seqware-results/BamMergePreprocessing_1.1/98892006/TGL17_0002_Pb_R_EX_180416.sorted.filter.deduped.realign.recal.bam",
      "input_files_tumor" : "/.mounts/labs/TGL/production2/seqware-results/BamMergePreprocessing_1.1/98892006/TGL17_0002_Lv_M_EX_180416.sorted.filter.deduped.realign.recal.bam",
      "interval_bed" : "/.mounts/labs/PDE/data/TargetedSequencingQC/Agilent.SureSelect.Human.All.Exon.V6.Cosmic/S07604715_Regions_sorted.bed",
      "java" : "/.mounts/labs/PDE/Modules/sw/jvm/jdk1.8.0_91/bin/java",
      "manual_output" : "false",
      "metadata" : "metadata",
      "output_dir" : "seqware-results",
      "rLib" : "/.mounts/labs/gsiprojects/gsi/tools/R_libs",
      "ref_fasta" : "/.mounts/labs/PDE/data/gatkAnnotationResources/hg19_random.fa",
      "rpath" : "/.mounts/labs/PDE/Modules/sw/R/R-3.3.0",
      "samtools" : "/oicr/local/analysis/sw//samtools/samtools-0.1.18/samtools",
      "sequenza_rscript_mem" : "24",
      "sequenza_v2" : "/.mounts/labs/PDE/Modules/modulefiles/sequenza/SequenzaSingleSample_v2.1.R",
      "tmp_dir" : "tmp",
      "varscan" : "/.mounts/labs/PDE/Modules/modulefiles/sequenza/VarScan.v2.3.9.jar"
    },
    "files" : [ {
      "studyTitle" : [ "TGL17" ],
      "studyAttributes" : { },
      "experimentName" : [ ],
      "experimentAttributes" : { },
      "sampleName" : [ "TGL17_0002_Lv_M_PE_514_EX" ],
      "sampleAttributes" : {
        "geo_external_name" : [ [ "CMP-01-03" ] ],
        "geo_group_id" : [ [ "180416" ] ],
        "geo_library_source_template_type" : [ [ "EX" ] ],
        "geo_organism" : [ [ "Homo sapiens" ] ],
        "geo_prep_kit" : [ [ "Agilent SureSelect Human All Exon V6 Cosmic" ] ],
        "geo_purpose" : [ [ "Library" ] ],
        "geo_receive_date" : [ [ "2018-03-27" ] ],
        "geo_run_id_and_position" : [ [ "3083_1" ] ],
        "geo_str_result" : [ [ "Not Submitted" ] ],
        "geo_targeted_resequencing" : [ [ "Agilent SureSelect Human All Exon V6 Cosmic" ] ],
        "geo_template_type" : [ [ "Illumina PE Library" ] ],
        "geo_tissue_origin" : [ [ "Lv" ] ],
        "geo_tissue_preparation" : [ [ "Fresh Frozen" ] ],
        "geo_tissue_type" : [ [ "M" ] ]
      },
      "sequencerRunName" : [ "180416_NB551056_0052_AHLJWWBGX5" ],
      "sequencerRunAttributes" : {
        "instrument_name" : [ [ "NB551056" ] ]
      },
      "laneName" : [ "180416_NB551056_0052_AHLJWWBGX5_lane_1" ],
      "laneAttributes" : { },
      "iusTag" : [ "CATCAAGT" ],
      "iusAttributes" : { },
      "workflowName" : [ "BamMergePreprocessing" ],
      "processingAlgorithm" : [ "ProvisionFiles" ],
      "processingAttributes" : { },
      "fileMetaType" : [ "application/bam" ],
      "fileAttributes" : {
        "aligner" : [ [ "BwaMem" ] ],
        "cvterms" : [ [ "EDAM:format_2572,EDAM:operation_2089" ] ]
      },
      "fileId" : 1500217785
    }, {
      "studyTitle" : [ "TGL17" ],
      "studyAttributes" : { },
      "experimentName" : [ ],
      "experimentAttributes" : { },
      "sampleName" : [ "TGL17_0002_Pb_R_PE_502_EX" ],
      "sampleAttributes" : {
        "geo_external_name" : [ [ "CMP-01-03" ] ],
        "geo_group_id" : [ [ "180416" ] ],
        "geo_library_source_template_type" : [ [ "EX" ] ],
        "geo_organism" : [ [ "Homo sapiens" ] ],
        "geo_prep_kit" : [ [ "Agilent SureSelect Human All Exon V6 Cosmic" ] ],
        "geo_purpose" : [ [ "Library" ] ],
        "geo_receive_date" : [ [ "2018-03-27" ] ],
        "geo_run_id_and_position" : [ [ "3082_1" ] ],
        "geo_str_result" : [ [ "Not Submitted" ] ],
        "geo_targeted_resequencing" : [ [ "Agilent SureSelect Human All Exon V6 Cosmic" ] ],
        "geo_template_type" : [ [ "Illumina PE Library" ] ],
        "geo_tissue_origin" : [ [ "Pb" ] ],
        "geo_tissue_preparation" : [ [ "Blood" ] ],
        "geo_tissue_type" : [ [ "R" ] ]
      },
      "sequencerRunName" : [ "180416_NB551051_0059_AHLJF2BGX5" ],
      "sequencerRunAttributes" : {
        "instrument_name" : [ [ "NB551051" ] ]
      },
      "laneName" : [ "180416_NB551051_0059_AHLJF2BGX5_lane_1" ],
      "laneAttributes" : { },
      "iusTag" : [ "CCTAATCC" ],
      "iusAttributes" : { },
      "workflowName" : [ "BamMergePreprocessing" ],
      "processingAlgorithm" : [ "ProvisionFiles" ],
      "processingAttributes" : { },
      "fileMetaType" : [ "application/bam" ],
      "fileAttributes" : {
        "aligner" : [ [ "BwaMem" ] ],
        "cvterms" : [ [ "EDAM:format_2572,EDAM:operation_2089" ] ]
      },
      "fileId" : 184234726
    } ]
  }, {
    "workflowIni" : {
      "data_dir" : "data",
      "external_name" : "TGL17_0004_Lv_M_EX_0105SURT1.sorted.filter.deduped.realign.recal",
      "input_files_normal" : "/.mounts/labs/TGL/production3/seqware-results/BamMergePreprocessing_1.1/35784685/TGL17_0004_Pb_R_EX_180416.sorted.filter.deduped.realign.recal.bam",
      "input_files_tumor" : "/.mounts/labs/TGL/production3/seqware-results/BamMergePreprocessing_1.1/35784685/TGL17_0004_Lv_M_EX_0105SURT1.sorted.filter.deduped.realign.recal.bam",
      "interval_bed" : "/.mounts/labs/PDE/data/TargetedSequencingQC/Agilent.SureSelect.Human.All.Exon.V6.Cosmic/S07604715_Regions_sorted.bed",
      "java" : "/.mounts/labs/PDE/Modules/sw/jvm/jdk1.8.0_91/bin/java",
      "manual_output" : "false",
      "metadata" : "metadata",
      "output_dir" : "seqware-results",
      "rLib" : "/.mounts/labs/gsiprojects/gsi/tools/R_libs",
      "ref_fasta" : "/.mounts/labs/PDE/data/gatkAnnotationResources/hg19_random.fa",
      "rpath" : "/.mounts/labs/PDE/Modules/sw/R/R-3.3.0",
      "samtools" : "/oicr/local/analysis/sw//samtools/samtools-0.1.18/samtools",
      "sequenza_rscript_mem" : "24",
      "sequenza_v2" : "/.mounts/labs/PDE/Modules/modulefiles/sequenza/SequenzaSingleSample_v2.1.R",
      "tmp_dir" : "tmp",
      "varscan" : "/.mounts/labs/PDE/Modules/modulefiles/sequenza/VarScan.v2.3.9.jar"
    },
    "files" : [ {
      "studyTitle" : [ "TGL17" ],
      "studyAttributes" : { },
      "experimentName" : [ ],
      "experimentAttributes" : { },
      "sampleName" : [ "TGL17_0004_Lv_M_PE_495_EX" ],
      "sampleAttributes" : {
        "geo_external_name" : [ [ "CMP-01-05" ] ],
        "geo_group_id" : [ [ "0105SURT1" ] ],
        "geo_library_source_template_type" : [ [ "EX" ] ],
        "geo_organism" : [ [ "Homo sapiens" ] ],
        "geo_prep_kit" : [ [ "Agilent SureSelect Human All Exon V6 Cosmic" ] ],
        "geo_purpose" : [ [ "Library" ] ],
        "geo_receive_date" : [ [ "2018-03-27" ] ],
        "geo_run_id_and_position" : [ [ "3084_1" ] ],
        "geo_str_result" : [ [ "Not Submitted" ] ],
        "geo_targeted_resequencing" : [ [ "Agilent SureSelect Human All Exon V6 Cosmic" ] ],
        "geo_template_type" : [ [ "Illumina PE Library" ] ],
        "geo_tissue_origin" : [ [ "Lv" ] ],
        "geo_tissue_preparation" : [ [ "Fresh Frozen" ] ],
        "geo_tissue_type" : [ [ "M" ] ]
      },
      "sequencerRunName" : [ "180417_NB551051_0060_AHLJWYBGX5" ],
      "sequencerRunAttributes" : {
        "instrument_name" : [ [ "NB551051" ] ]
      },
      "laneName" : [ "180417_NB551051_0060_AHLJWYBGX5_lane_1" ],
      "laneAttributes" : { },
      "iusTag" : [ "AAGGTACA" ],
      "iusAttributes" : { },
      "workflowName" : [ "BamMergePreprocessing" ],
      "processingAlgorithm" : [ "ProvisionFiles" ],
      "processingAttributes" : { },
      "fileMetaType" : [ "application/bam" ],
      "fileAttributes" : {
        "aligner" : [ [ "BwaMem" ] ],
        "cvterms" : [ [ "EDAM:format_2572,EDAM:operation_2089" ] ]
      },
      "fileId" : 572843577
    }, {
      "studyTitle" : [ "TGL17" ],
      "studyAttributes" : { },
      "experimentName" : [ ],
      "experimentAttributes" : { },
      "sampleName" : [ "TGL17_0004_Pb_R_PE_533_EX" ],
      "sampleAttributes" : {
        "geo_external_name" : [ [ "CMP-01-05" ] ],
        "geo_group_id" : [ [ "180416" ] ],
        "geo_library_source_template_type" : [ [ "EX" ] ],
        "geo_organism" : [ [ "Homo sapiens" ] ],
        "geo_prep_kit" : [ [ "Agilent SureSelect Human All Exon V6 Cosmic" ] ],
        "geo_purpose" : [ [ "Library" ] ],
        "geo_receive_date" : [ [ "2018-03-27" ] ],
        "geo_run_id_and_position" : [ [ "3082_1" ] ],
        "geo_str_result" : [ [ "Not Submitted" ] ],
        "geo_targeted_resequencing" : [ [ "Agilent SureSelect Human All Exon V6 Cosmic" ] ],
        "geo_template_type" : [ [ "Illumina PE Library" ] ],
        "geo_tissue_origin" : [ [ "Pb" ] ],
        "geo_tissue_preparation" : [ [ "Blood" ] ],
        "geo_tissue_type" : [ [ "R" ] ]
      },
      "sequencerRunName" : [ "180416_NB551051_0059_AHLJF2BGX5" ],
      "sequencerRunAttributes" : {
        "instrument_name" : [ [ "NB551051" ] ]
      },
      "laneName" : [ "180416_NB551051_0059_AHLJF2BGX5_lane_1" ],
      "laneAttributes" : { },
      "iusTag" : [ "CTGAGCCA" ],
      "iusAttributes" : { },
      "workflowName" : [ "BamMergePreprocessing" ],
      "processingAlgorithm" : [ "ProvisionFiles" ],
      "processingAttributes" : { },
      "fileMetaType" : [ "application/bam" ],
      "fileAttributes" : {
        "aligner" : [ [ "BwaMem" ] ],
        "cvterms" : [ [ "EDAM:format_2572,EDAM:operation_2089" ] ]
      },
      "fileId" : 513241313
    } ]
  }, {
    "workflowIni" : {
      "data_dir" : "data",
      "external_name" : "TGL17_0004_Lv_M_EX_0105SURT2.sorted.filter.deduped.realign.recal",
      "input_files_normal" : "/.mounts/labs/TGL/production3/seqware-results/BamMergePreprocessing_1.1/35784685/TGL17_0004_Pb_R_EX_180416.sorted.filter.deduped.realign.recal.bam",
      "input_files_tumor" : "/.mounts/labs/TGL/production3/seqware-results/BamMergePreprocessing_1.1/35784685/TGL17_0004_Lv_M_EX_0105SURT2.sorted.filter.deduped.realign.recal.bam",
      "interval_bed" : "/.mounts/labs/PDE/data/TargetedSequencingQC/Agilent.SureSelect.Human.All.Exon.V6.Cosmic/S07604715_Regions_sorted.bed",
      "java" : "/.mounts/labs/PDE/Modules/sw/jvm/jdk1.8.0_91/bin/java",
      "manual_output" : "false",
      "metadata" : "metadata",
      "output_dir" : "seqware-results",
      "rLib" : "/.mounts/labs/gsiprojects/gsi/tools/R_libs",
      "ref_fasta" : "/.mounts/labs/PDE/data/gatkAnnotationResources/hg19_random.fa",
      "rpath" : "/.mounts/labs/PDE/Modules/sw/R/R-3.3.0",
      "samtools" : "/oicr/local/analysis/sw//samtools/samtools-0.1.18/samtools",
      "sequenza_rscript_mem" : "24",
      "sequenza_v2" : "/.mounts/labs/PDE/Modules/modulefiles/sequenza/SequenzaSingleSample_v2.1.R",
      "tmp_dir" : "tmp",
      "varscan" : "/.mounts/labs/PDE/Modules/modulefiles/sequenza/VarScan.v2.3.9.jar"
    },
    "files" : [ {
      "studyTitle" : [ "TGL17" ],
      "studyAttributes" : { },
      "experimentName" : [ ],
      "experimentAttributes" : { },
      "sampleName" : [ "TGL17_0004_Lv_M_PE_523_EX" ],
      "sampleAttributes" : {
        "geo_external_name" : [ [ "CMP-01-05" ] ],
        "geo_group_id" : [ [ "0105SURT2" ] ],
        "geo_library_source_template_type" : [ [ "EX" ] ],
        "geo_organism" : [ [ "Homo sapiens" ] ],
        "geo_prep_kit" : [ [ "Agilent SureSelect Human All Exon V6 Cosmic" ] ],
        "geo_purpose" : [ [ "Library" ] ],
        "geo_receive_date" : [ [ "2018-03-27" ] ],
        "geo_run_id_and_position" : [ [ "3082_1" ] ],
        "geo_str_result" : [ [ "Not Submitted" ] ],
        "geo_targeted_resequencing" : [ [ "Agilent SureSelect Human All Exon V6 Cosmic" ] ],
        "geo_template_type" : [ [ "Illumina PE Library" ] ],
        "geo_tissue_origin" : [ [ "Lv" ] ],
        "geo_tissue_preparation" : [ [ "Fresh Frozen" ] ],
        "geo_tissue_type" : [ [ "M" ] ]
      },
      "sequencerRunName" : [ "180416_NB551051_0059_AHLJF2BGX5" ],
      "sequencerRunAttributes" : {
        "instrument_name" : [ [ "NB551051" ] ]
      },
      "laneName" : [ "180416_NB551051_0059_AHLJF2BGX5_lane_1" ],
      "laneAttributes" : { },
      "iusTag" : [ "CGCTGATC" ],
      "iusAttributes" : { },
      "workflowName" : [ "BamMergePreprocessing" ],
      "processingAlgorithm" : [ "ProvisionFiles" ],
      "processingAttributes" : { },
      "fileMetaType" : [ "application/bam" ],
      "fileAttributes" : {
        "aligner" : [ [ "BwaMem" ] ],
        "cvterms" : [ [ "EDAM:format_2572,EDAM:operation_2089" ] ]
      },
      "fileId" : -1362816710
    }, {
      "studyTitle" : [ "TGL17" ],
      "studyAttributes" : { },
      "experimentName" : [ ],
      "experimentAttributes" : { },
      "sampleName" : [ "TGL17_0004_Pb_R_PE_533_EX" ],
      "sampleAttributes" : {
        "geo_external_name" : [ [ "CMP-01-05" ] ],
        "geo_group_id" : [ [ "180416" ] ],
        "geo_library_source_template_type" : [ [ "EX" ] ],
        "geo_organism" : [ [ "Homo sapiens" ] ],
        "geo_prep_kit" : [ [ "Agilent SureSelect Human All Exon V6 Cosmic" ] ],
        "geo_purpose" : [ [ "Library" ] ],
        "geo_receive_date" : [ [ "2018-03-27" ] ],
        "geo_run_id_and_position" : [ [ "3082_1" ] ],
        "geo_str_result" : [ [ "Not Submitted" ] ],
        "geo_targeted_resequencing" : [ [ "Agilent SureSelect Human All Exon V6 Cosmic" ] ],
        "geo_template_type" : [ [ "Illumina PE Library" ] ],
        "geo_tissue_origin" : [ [ "Pb" ] ],
        "geo_tissue_preparation" : [ [ "Blood" ] ],
        "geo_tissue_type" : [ [ "R" ] ]
      },
      "sequencerRunName" : [ "180416_NB551051_0059_AHLJF2BGX5" ],
      "sequencerRunAttributes" : {
        "instrument_name" : [ [ "NB551051" ] ]
      },
      "laneName" : [ "180416_NB551051_0059_AHLJF2BGX5_lane_1" ],
      "laneAttributes" : { },
      "iusTag" : [ "CTGAGCCA" ],
      "iusAttributes" : { },
      "workflowName" : [ "BamMergePreprocessing" ],
      "processingAlgorithm" : [ "ProvisionFiles" ],
      "processingAttributes" : { },
      "fileMetaType" : [ "application/bam" ],
      "fileAttributes" : {
        "aligner" : [ [ "BwaMem" ] ],
        "cvterms" : [ [ "EDAM:format_2572,EDAM:operation_2089" ] ]
      },
      "fileId" : 513241313
    } ]
  } ]
}